MPLINK 4.49, Linker
Linker Map File - Created Tue Mar 21 00:53:19 2023

                                 Section Info
                  Section       Type    Address   Location Size(Bytes)
                ---------  ---------  ---------  ---------  ---------
                   .org_0       code   0x000000    program   0x000000
                   .org_1       code   0x000000    program   0x000002
                   .org_2       code   0x000004    program   0x0001d8
      .config_8007_MAIN.O       code   0x008007    program   0x000002
      .config_8008_MAIN.O       code   0x008008    program   0x000002



                              Program Memory Usage 
                               Start         End      
                           ---------   ---------      
                            0x000000    0x000000      
                            0x000004    0x0000ef      
                            0x008007    0x008008      
            239 out of 8455 program addresses used, program memory utilization is 2%



                              Symbols - Sorted by Name
                     Name    Address   Location    Storage File                     
                ---------  ---------  ---------  --------- ---------                
     ALTERNAR_PAUSA_START   0x000047    program     static C:\Users\josex\projects\assembler\microondas\src\main.asm
              BARRIDO_LED   0x00006a    program     static C:\Users\josex\projects\assembler\microondas\src\main.asm
                  CHK_COL   0x00001a    program     static C:\Users\josex\projects\assembler\microondas\src\main.asm
         CONFIGURAR_RESET   0x000045    program     static C:\Users\josex\projects\assembler\microondas\src\main.asm
     CONTROL_TEMPORIZADOR   0x0000e6    program     static C:\Users\josex\projects\assembler\microondas\src\main.asm
                CONV_7SEG   0x00004c    program     static C:\Users\josex\projects\assembler\microondas\src\main.asm
        CONV_TECLA_NUMERO   0x00005b    program     static C:\Users\josex\projects\assembler\microondas\src\main.asm
       CambiarAModoAlarma   0x0000e3    program     static C:\Users\josex\projects\assembler\microondas\src\main.asm
      CargarMinutosUnidad   0x0000dc    program     static C:\Users\josex\projects\assembler\microondas\src\main.asm
     CargarSegundosDecima   0x0000de    program     static C:\Users\josex\projects\assembler\microondas\src\main.asm
     CargarSegundosUnidad   0x0000e0    program     static C:\Users\josex\projects\assembler\microondas\src\main.asm
                  ESPERA1   0x00002a    program     static C:\Users\josex\projects\assembler\microondas\src\main.asm
                  ESPERA2   0x00002c    program     static C:\Users\josex\projects\assembler\microondas\src\main.asm
                  ESPERA3   0x00002e    program     static C:\Users\josex\projects\assembler\microondas\src\main.asm
                   INICIO   0x000099    program     static C:\Users\josex\projects\assembler\microondas\src\main.asm
                       N2   0x00007e    program     static C:\Users\josex\projects\assembler\microondas\src\main.asm
                       N3   0x000086    program     static C:\Users\josex\projects\assembler\microondas\src\main.asm
                 NEW_SCAN   0x000014    program     static C:\Users\josex\projects\assembler\microondas\src\main.asm
                 NEXT_COL   0x000027    program     static C:\Users\josex\projects\assembler\microondas\src\main.asm
                  RESTART   0x00008e    program     static C:\Users\josex\projects\assembler\microondas\src\main.asm
                    SALIR   0x00000c    program     static C:\Users\josex\projects\assembler\microondas\src\main.asm
                SIGUIENTE   0x000076    program     static C:\Users\josex\projects\assembler\microondas\src\main.asm
                    TECLA   0x000013    program     static C:\Users\josex\projects\assembler\microondas\src\main.asm
                 TECLA_ON   0x00002a    program     static C:\Users\josex\projects\assembler\microondas\src\main.asm
             Temporizador   0x0000bf    program     static C:\Users\josex\projects\assembler\microondas\src\main.asm
          TemporizadorFin   0x0000c0    program     static C:\Users\josex\projects\assembler\microondas\src\main.asm
         TemporizadorNum1   0x0000c1    program     static C:\Users\josex\projects\assembler\microondas\src\main.asm
         TemporizadorNum2   0x0000c7    program     static C:\Users\josex\projects\assembler\microondas\src\main.asm
         TemporizadorNum3   0x0000ce    program     static C:\Users\josex\projects\assembler\microondas\src\main.asm
         TemporizadorNum4   0x0000d5    program     static C:\Users\josex\projects\assembler\microondas\src\main.asm



                              Symbols - Sorted by Address
                     Name    Address   Location    Storage File                     
                ---------  ---------  ---------  --------- ---------                
                    SALIR   0x00000c    program     static C:\Users\josex\projects\assembler\microondas\src\main.asm
                    TECLA   0x000013    program     static C:\Users\josex\projects\assembler\microondas\src\main.asm
                 NEW_SCAN   0x000014    program     static C:\Users\josex\projects\assembler\microondas\src\main.asm
                  CHK_COL   0x00001a    program     static C:\Users\josex\projects\assembler\microondas\src\main.asm
                 NEXT_COL   0x000027    program     static C:\Users\josex\projects\assembler\microondas\src\main.asm
                 TECLA_ON   0x00002a    program     static C:\Users\josex\projects\assembler\microondas\src\main.asm
                  ESPERA1   0x00002a    program     static C:\Users\josex\projects\assembler\microondas\src\main.asm
                  ESPERA2   0x00002c    program     static C:\Users\josex\projects\assembler\microondas\src\main.asm
                  ESPERA3   0x00002e    program     static C:\Users\josex\projects\assembler\microondas\src\main.asm
         CONFIGURAR_RESET   0x000045    program     static C:\Users\josex\projects\assembler\microondas\src\main.asm
     ALTERNAR_PAUSA_START   0x000047    program     static C:\Users\josex\projects\assembler\microondas\src\main.asm
                CONV_7SEG   0x00004c    program     static C:\Users\josex\projects\assembler\microondas\src\main.asm
        CONV_TECLA_NUMERO   0x00005b    program     static C:\Users\josex\projects\assembler\microondas\src\main.asm
              BARRIDO_LED   0x00006a    program     static C:\Users\josex\projects\assembler\microondas\src\main.asm
                SIGUIENTE   0x000076    program     static C:\Users\josex\projects\assembler\microondas\src\main.asm
                       N2   0x00007e    program     static C:\Users\josex\projects\assembler\microondas\src\main.asm
                       N3   0x000086    program     static C:\Users\josex\projects\assembler\microondas\src\main.asm
                  RESTART   0x00008e    program     static C:\Users\josex\projects\assembler\microondas\src\main.asm
                   INICIO   0x000099    program     static C:\Users\josex\projects\assembler\microondas\src\main.asm
             Temporizador   0x0000bf    program     static C:\Users\josex\projects\assembler\microondas\src\main.asm
          TemporizadorFin   0x0000c0    program     static C:\Users\josex\projects\assembler\microondas\src\main.asm
         TemporizadorNum1   0x0000c1    program     static C:\Users\josex\projects\assembler\microondas\src\main.asm
         TemporizadorNum2   0x0000c7    program     static C:\Users\josex\projects\assembler\microondas\src\main.asm
         TemporizadorNum3   0x0000ce    program     static C:\Users\josex\projects\assembler\microondas\src\main.asm
         TemporizadorNum4   0x0000d5    program     static C:\Users\josex\projects\assembler\microondas\src\main.asm
      CargarMinutosUnidad   0x0000dc    program     static C:\Users\josex\projects\assembler\microondas\src\main.asm
     CargarSegundosDecima   0x0000de    program     static C:\Users\josex\projects\assembler\microondas\src\main.asm
     CargarSegundosUnidad   0x0000e0    program     static C:\Users\josex\projects\assembler\microondas\src\main.asm
       CambiarAModoAlarma   0x0000e3    program     static C:\Users\josex\projects\assembler\microondas\src\main.asm
     CONTROL_TEMPORIZADOR   0x0000e6    program     static C:\Users\josex\projects\assembler\microondas\src\main.asm


