MPLINK 4.49, Linker
Linker Map File - Created Mon Mar 20 23:51:51 2023

                                 Section Info
                  Section       Type    Address   Location Size(Bytes)
                ---------  ---------  ---------  ---------  ---------
                   .org_0       code   0x000000    program   0x000000
                   .org_1       code   0x000000    program   0x000002
                   .org_2       code   0x000004    program   0x000154
      .config_8007_MAIN.O       code   0x008007    program   0x000002
      .config_8008_MAIN.O       code   0x008008    program   0x000002



                              Program Memory Usage 
                               Start         End      
                           ---------   ---------      
                            0x000000    0x000000      
                            0x000004    0x0000ad      
                            0x008007    0x008008      
            173 out of 8455 program addresses used, program memory utilization is 2%



                              Symbols - Sorted by Name
                     Name    Address   Location    Storage File                     
                ---------  ---------  ---------  --------- ---------                
              BARRIDO_LED   0x00005d    program     static C:\Users\josex\projects\assembler\microondas\src\main.asm
                  CHK_COL   0x000018    program     static C:\Users\josex\projects\assembler\microondas\src\main.asm
         CONFIGURAR_RESET   0x00003d    program     static C:\Users\josex\projects\assembler\microondas\src\main.asm
                CONV_7SEG   0x00003f    program     static C:\Users\josex\projects\assembler\microondas\src\main.asm
        CONV_TECLA_NUMERO   0x00004e    program     static C:\Users\josex\projects\assembler\microondas\src\main.asm
                  ESPERA1   0x000028    program     static C:\Users\josex\projects\assembler\microondas\src\main.asm
                  ESPERA2   0x00002a    program     static C:\Users\josex\projects\assembler\microondas\src\main.asm
                  ESPERA3   0x00002c    program     static C:\Users\josex\projects\assembler\microondas\src\main.asm
                   INICIO   0x00008b    program     static C:\Users\josex\projects\assembler\microondas\src\main.asm
                       N2   0x000071    program     static C:\Users\josex\projects\assembler\microondas\src\main.asm
                       N3   0x000079    program     static C:\Users\josex\projects\assembler\microondas\src\main.asm
                 NEW_SCAN   0x000012    program     static C:\Users\josex\projects\assembler\microondas\src\main.asm
                 NEXT_COL   0x000025    program     static C:\Users\josex\projects\assembler\microondas\src\main.asm
                  RESTART   0x000081    program     static C:\Users\josex\projects\assembler\microondas\src\main.asm
                    SALIR   0x00000a    program     static C:\Users\josex\projects\assembler\microondas\src\main.asm
                SIGUIENTE   0x000069    program     static C:\Users\josex\projects\assembler\microondas\src\main.asm
                    TECLA   0x000011    program     static C:\Users\josex\projects\assembler\microondas\src\main.asm
                 TECLA_ON   0x000028    program     static C:\Users\josex\projects\assembler\microondas\src\main.asm



                              Symbols - Sorted by Address
                     Name    Address   Location    Storage File                     
                ---------  ---------  ---------  --------- ---------                
                    SALIR   0x00000a    program     static C:\Users\josex\projects\assembler\microondas\src\main.asm
                    TECLA   0x000011    program     static C:\Users\josex\projects\assembler\microondas\src\main.asm
                 NEW_SCAN   0x000012    program     static C:\Users\josex\projects\assembler\microondas\src\main.asm
                  CHK_COL   0x000018    program     static C:\Users\josex\projects\assembler\microondas\src\main.asm
                 NEXT_COL   0x000025    program     static C:\Users\josex\projects\assembler\microondas\src\main.asm
                 TECLA_ON   0x000028    program     static C:\Users\josex\projects\assembler\microondas\src\main.asm
                  ESPERA1   0x000028    program     static C:\Users\josex\projects\assembler\microondas\src\main.asm
                  ESPERA2   0x00002a    program     static C:\Users\josex\projects\assembler\microondas\src\main.asm
                  ESPERA3   0x00002c    program     static C:\Users\josex\projects\assembler\microondas\src\main.asm
         CONFIGURAR_RESET   0x00003d    program     static C:\Users\josex\projects\assembler\microondas\src\main.asm
                CONV_7SEG   0x00003f    program     static C:\Users\josex\projects\assembler\microondas\src\main.asm
        CONV_TECLA_NUMERO   0x00004e    program     static C:\Users\josex\projects\assembler\microondas\src\main.asm
              BARRIDO_LED   0x00005d    program     static C:\Users\josex\projects\assembler\microondas\src\main.asm
                SIGUIENTE   0x000069    program     static C:\Users\josex\projects\assembler\microondas\src\main.asm
                       N2   0x000071    program     static C:\Users\josex\projects\assembler\microondas\src\main.asm
                       N3   0x000079    program     static C:\Users\josex\projects\assembler\microondas\src\main.asm
                  RESTART   0x000081    program     static C:\Users\josex\projects\assembler\microondas\src\main.asm
                   INICIO   0x00008b    program     static C:\Users\josex\projects\assembler\microondas\src\main.asm


