MPLINK 4.49, Linker
Linker Map File - Created Mon Mar 20 10:57:29 2023

                                 Section Info
                  Section       Type    Address   Location Size(Bytes)
                ---------  ---------  ---------  ---------  ---------
                   .org_0       code   0x000000    program   0x000000
                   .org_1       code   0x000000    program   0x000002
                   .org_2       code   0x000004    program   0x00004e
      .config_8007_MAIN.O       code   0x008007    program   0x000002
      .config_8008_MAIN.O       code   0x008008    program   0x000002



                              Program Memory Usage 
                               Start         End      
                           ---------   ---------      
                            0x000000    0x000000      
                            0x000004    0x00002a      
                            0x008007    0x008008      
            42 out of 8455 program addresses used, program memory utilization is 0%



                              Symbols - Sorted by Name
                     Name    Address   Location    Storage File                     
                ---------  ---------  ---------  --------- ---------                
        ConfigurarPuertos   0x00000b    program     static C:\Users\josex\projects\assembler\microondas\src\main.asm
        Control7Segmentos   0x00000a    program     static C:\Users\josex\projects\assembler\microondas\src\main.asm
      Convertir7Segmentos   0x000018    program     static C:\Users\josex\projects\assembler\microondas\src\main.asm
             Interrupcion   0x000025    program     static C:\Users\josex\projects\assembler\microondas\src\main.asm
                     Loop   0x000026    program     static C:\Users\josex\projects\assembler\microondas\src\main.asm
        Mostrar7Segmentos   0x000005    program     static C:\Users\josex\projects\assembler\microondas\src\main.asm
                Principal   0x000023    program     static C:\Users\josex\projects\assembler\microondas\src\main.asm



                              Symbols - Sorted by Address
                     Name    Address   Location    Storage File                     
                ---------  ---------  ---------  --------- ---------                
        Mostrar7Segmentos   0x000005    program     static C:\Users\josex\projects\assembler\microondas\src\main.asm
        Control7Segmentos   0x00000a    program     static C:\Users\josex\projects\assembler\microondas\src\main.asm
        ConfigurarPuertos   0x00000b    program     static C:\Users\josex\projects\assembler\microondas\src\main.asm
      Convertir7Segmentos   0x000018    program     static C:\Users\josex\projects\assembler\microondas\src\main.asm
                Principal   0x000023    program     static C:\Users\josex\projects\assembler\microondas\src\main.asm
             Interrupcion   0x000025    program     static C:\Users\josex\projects\assembler\microondas\src\main.asm
                     Loop   0x000026    program     static C:\Users\josex\projects\assembler\microondas\src\main.asm


