MPLINK 4.49, Linker
Linker Map File - Created Mon Mar 20 20:08:10 2023

                                 Section Info
                  Section       Type    Address   Location Size(Bytes)
                ---------  ---------  ---------  ---------  ---------
                   .org_0       code   0x000000    program   0x000000
                   .org_1       code   0x000000    program   0x000002
                   .org_2       code   0x000004    program   0x000132
      .config_8007_MAIN.O       code   0x008007    program   0x000002
      .config_8008_MAIN.O       code   0x008008    program   0x000002



                              Program Memory Usage 
                               Start         End      
                           ---------   ---------      
                            0x000000    0x000000      
                            0x000004    0x00009c      
                            0x008007    0x008008      
            156 out of 8455 program addresses used, program memory utilization is 1%



                              Symbols - Sorted by Name
                     Name    Address   Location    Storage File                     
                ---------  ---------  ---------  --------- ---------                
              BARRIDO_LED   0x000048    program     static C:\Users\josex\projects\assembler\microondas\src\main.asm
                  CHK_COL   0x000015    program     static C:\Users\josex\projects\assembler\microondas\src\main.asm
               CONV_TECLA   0x000039    program     static C:\Users\josex\projects\assembler\microondas\src\main.asm
                  ESPERA1   0x000025    program     static C:\Users\josex\projects\assembler\microondas\src\main.asm
                  ESPERA2   0x000027    program     static C:\Users\josex\projects\assembler\microondas\src\main.asm
                  ESPERA3   0x000029    program     static C:\Users\josex\projects\assembler\microondas\src\main.asm
                   INICIO   0x000072    program     static C:\Users\josex\projects\assembler\microondas\src\main.asm
                       N2   0x00005c    program     static C:\Users\josex\projects\assembler\microondas\src\main.asm
                       N3   0x000064    program     static C:\Users\josex\projects\assembler\microondas\src\main.asm
                 NEW_SCAN   0x00000f    program     static C:\Users\josex\projects\assembler\microondas\src\main.asm
                 NEXT_COL   0x000022    program     static C:\Users\josex\projects\assembler\microondas\src\main.asm
                  RESTART   0x00006c    program     static C:\Users\josex\projects\assembler\microondas\src\main.asm
            ROTAR_NUMEROS   0x00002f    program     static C:\Users\josex\projects\assembler\microondas\src\main.asm
                    SALIR   0x000007    program     static C:\Users\josex\projects\assembler\microondas\src\main.asm
                SIGUIENTE   0x000054    program     static C:\Users\josex\projects\assembler\microondas\src\main.asm
                    TECLA   0x00000e    program     static C:\Users\josex\projects\assembler\microondas\src\main.asm
                 TECLA_ON   0x000025    program     static C:\Users\josex\projects\assembler\microondas\src\main.asm



                              Symbols - Sorted by Address
                     Name    Address   Location    Storage File                     
                ---------  ---------  ---------  --------- ---------                
                    SALIR   0x000007    program     static C:\Users\josex\projects\assembler\microondas\src\main.asm
                    TECLA   0x00000e    program     static C:\Users\josex\projects\assembler\microondas\src\main.asm
                 NEW_SCAN   0x00000f    program     static C:\Users\josex\projects\assembler\microondas\src\main.asm
                  CHK_COL   0x000015    program     static C:\Users\josex\projects\assembler\microondas\src\main.asm
                 NEXT_COL   0x000022    program     static C:\Users\josex\projects\assembler\microondas\src\main.asm
                 TECLA_ON   0x000025    program     static C:\Users\josex\projects\assembler\microondas\src\main.asm
                  ESPERA1   0x000025    program     static C:\Users\josex\projects\assembler\microondas\src\main.asm
                  ESPERA2   0x000027    program     static C:\Users\josex\projects\assembler\microondas\src\main.asm
                  ESPERA3   0x000029    program     static C:\Users\josex\projects\assembler\microondas\src\main.asm
            ROTAR_NUMEROS   0x00002f    program     static C:\Users\josex\projects\assembler\microondas\src\main.asm
               CONV_TECLA   0x000039    program     static C:\Users\josex\projects\assembler\microondas\src\main.asm
              BARRIDO_LED   0x000048    program     static C:\Users\josex\projects\assembler\microondas\src\main.asm
                SIGUIENTE   0x000054    program     static C:\Users\josex\projects\assembler\microondas\src\main.asm
                       N2   0x00005c    program     static C:\Users\josex\projects\assembler\microondas\src\main.asm
                       N3   0x000064    program     static C:\Users\josex\projects\assembler\microondas\src\main.asm
                  RESTART   0x00006c    program     static C:\Users\josex\projects\assembler\microondas\src\main.asm
                   INICIO   0x000072    program     static C:\Users\josex\projects\assembler\microondas\src\main.asm


